{
  "runtimeOptions": {
    "additionalProbingPaths": [
      "/Users/thangduong/.dotnet/store/|arch|/|tfm|",
      "/Users/thangduong/.nuget/packages",
      "/usr/local/share/dotnet/sdk/NuGetFallbackFolder"
    ]
  }
}